// Jest Snapshot v1, https://goo.gl/fbAQLP

exports[`Header component Matches snapshot 1`] = `
<div
  className="header"
>
  <div
    className="back-button"
    onClick={[Function]}
  >
    <FontAwesomeIcon
      border={false}
      className="icon"
      fixedWidth={false}
      flip={null}
      icon={
        Object {
          "icon": Array [
            448,
            512,
            Array [],
            "f060",
            "M257.5 445.1l-22.2 22.2c-9.4 9.4-24.6 9.4-33.9 0L7 273c-9.4-9.4-9.4-24.6 0-33.9L201.4 44.7c9.4-9.4 24.6-9.4 33.9 0l22.2 22.2c9.5 9.5 9.3 25-.4 34.3L136.6 216H424c13.3 0 24 10.7 24 24v32c0 13.3-10.7 24-24 24H136.6l120.5 114.8c9.8 9.3 10 24.8.4 34.3z",
          ],
          "iconName": "arrow-left",
          "prefix": "fas",
        }
      }
      inverse={false}
      listItem={false}
      mask={null}
      pull={null}
      pulse={false}
      rotation={null}
      size={null}
      spin={false}
      swapOpacity={false}
      symbol={false}
      title=""
      transform={null}
    />
  </div>
  <div
    className="title"
  >
    <h1
      className="title-label"
    >
      My Header
    </h1>
    <FontAwesomeIcon
      border={false}
      className="icon"
      fixedWidth={false}
      flip={null}
      icon={
        Object {
          "icon": Array [
            512,
            512,
            Array [],
            "f001",
            "M470.38 1.51L150.41 96A32 32 0 0 0 128 126.51v261.41A139 139 0 0 0 96 384c-53 0-96 28.66-96 64s43 64 96 64 96-28.66 96-64V214.32l256-75v184.61a138.4 138.4 0 0 0-32-3.93c-53 0-96 28.66-96 64s43 64 96 64 96-28.65 96-64V32a32 32 0 0 0-41.62-30.49z",
          ],
          "iconName": "music",
          "prefix": "fas",
        }
      }
      inverse={false}
      listItem={false}
      mask={null}
      pull={null}
      pulse={false}
      rotation={null}
      size={null}
      spin={false}
      swapOpacity={false}
      symbol={false}
      title=""
      transform={null}
    />
  </div>
  <div
    className="menu"
  >
    <span
      className="route active"
      onClick={[Function]}
    >
      Top 100
    </span>
    <span
      className="route "
      onClick={[Function]}
    >
      My Favorites
    </span>
  </div>
</div>
`;
