// Jest Snapshot v1, https://goo.gl/fbAQLP

exports[`PreviewCard component Matches snapshot 1`] = `
<div
  className="card-container"
  onClick={[Function]}
>
  <img
    alt="https://is5-ssl.mzstatic.com/image/thumb/Music114/v4/3c/a4/90/3ca4901d-b744-411d-246e-02f78aebf8bb/093624892984.jpg/55x55bb.png"
    className="card-image"
    src="https://is5-ssl.mzstatic.com/image/thumb/Music114/v4/3c/a4/90/3ca4901d-b744-411d-246e-02f78aebf8bb/093624892984.jpg/500x500bb.png"
  />
  <div
    className="card-favorite active"
    onClick={[Function]}
  >
    <FontAwesomeIcon
      border={false}
      className="favorite-icon"
      fixedWidth={false}
      flip={null}
      icon={
        Object {
          "icon": Array [
            512,
            512,
            Array [],
            "f004",
            "M462.3 62.6C407.5 15.9 326 24.3 275.7 76.2L256 96.5l-19.7-20.3C186.1 24.3 104.5 15.9 49.7 62.6c-62.8 53.6-66.1 149.8-9.9 207.9l193.5 199.8c12.5 12.9 32.8 12.9 45.3 0l193.5-199.8c56.3-58.1 53-154.3-9.8-207.9z",
          ],
          "iconName": "heart",
          "prefix": "fas",
        }
      }
      inverse={false}
      listItem={false}
      mask={null}
      pull={null}
      pulse={false}
      rotation={null}
      size={null}
      spin={false}
      swapOpacity={false}
      symbol={false}
      title=""
      transform={null}
    />
  </div>
  <div
    className="inline-elements"
  >
    <span
      className="card-rank"
    >
      1
    </span>
    <div
      className="card-details"
    >
      <p
        className="card-detail primary"
      >
        Here and Now
      </p>
      <p
        className="card-detail secondary"
      >
        Kenny Chesney
      </p>
    </div>
  </div>
</div>
`;

exports[`PreviewCard component Should match snapshot 1`] = `
<div
  className="card-container"
  onClick={[Function]}
>
  <img
    alt="https://is5-ssl.mzstatic.com/image/thumb/Music114/v4/3c/a4/90/3ca4901d-b744-411d-246e-02f78aebf8bb/093624892984.jpg/55x55bb.png"
    className="card-image"
    src="https://is5-ssl.mzstatic.com/image/thumb/Music114/v4/3c/a4/90/3ca4901d-b744-411d-246e-02f78aebf8bb/093624892984.jpg/500x500bb.png"
  />
  <div
    className="card-favorite active"
    onClick={[Function]}
  >
    <FontAwesomeIcon
      border={false}
      className="favorite-icon"
      fixedWidth={false}
      flip={null}
      icon={
        Object {
          "icon": Array [
            512,
            512,
            Array [],
            "f004",
            "M462.3 62.6C407.5 15.9 326 24.3 275.7 76.2L256 96.5l-19.7-20.3C186.1 24.3 104.5 15.9 49.7 62.6c-62.8 53.6-66.1 149.8-9.9 207.9l193.5 199.8c12.5 12.9 32.8 12.9 45.3 0l193.5-199.8c56.3-58.1 53-154.3-9.8-207.9z",
          ],
          "iconName": "heart",
          "prefix": "fas",
        }
      }
      inverse={false}
      listItem={false}
      mask={null}
      pull={null}
      pulse={false}
      rotation={null}
      size={null}
      spin={false}
      swapOpacity={false}
      symbol={false}
      title=""
      transform={null}
    />
  </div>
  <div
    className="inline-elements"
  >
    <span
      className="card-rank"
    >
      1
    </span>
    <div
      className="card-details"
    >
      <p
        className="card-detail primary"
      >
        Here and Now
      </p>
      <p
        className="card-detail secondary"
      >
        Kenny Chesney
      </p>
    </div>
  </div>
</div>
`;
