// Jest Snapshot v1, https://goo.gl/fbAQLP

exports[`Loading page component Should match snapshot 1`] = `
<Fragment>
  <Header
    title="My Header"
  />
  <div
    className="alt-content"
  >
    <img
      alt="Loading..."
      className="spinner-icon"
      src="loading.svg"
    />
  </div>
</Fragment>
`;
